// Jest Snapshot v1, https://goo.gl/fbAQLP

exports[`<Home /> should render and match snapshot 1`] = `
<div>
  Hello
</div>
`;
